01-18 08:47:45.668  3977  4031 D ForegroundUtils: UID: 10271 is in foreground: false
01-18 08:47:45.668  2403  2430 V WindowManagerShell:  Delegate animation for (#6890) to RemoteTransition { remoteTransition = android.window.IRemoteTransition$Stub$Proxy@872ebd7, appThread = android.app.IApplicationThread$Stub$Proxy@c141cc4, debugName = QuickstepLaunchHome }
01-18 08:47:45.668  3977  4031 D ForegroundUtils: UID: 10278 is in foreground: false
01-18 08:47:45.674 25551 25551 D b/311077782: LauncherAnimationRunner.setAnimation
01-18 08:47:45.677  1748  1822 V WindowManager: Sent Transition (#6890) createdAt=01-18 08:47:45.538 via request=TransitionRequestInfo { type = CLOSE, triggerTask = null, pipTask = null, remoteTransition = null, displayChange = null, flags = 10, debugId = 6890 }
01-18 08:47:45.677  1748  1822 V WindowManager:     startWCT=WindowContainerTransaction { changes = {} hops = [] errorCallbackToken=null taskFragmentOrganizer=null }
01-18 08:47:45.677  1748  1822 V WindowManager:     info={id=6890 t=CLOSE f=0x10 trk=0 r=[0@Point(0, 0)] c=[
01-18 08:47:45.677  1748  1822 V WindowManager:         {WCT{RemoteToken{4bb62f9 Task{d7a4095 #1 type=home isResizeable=true minWidth=-1 minHeight=-1}}} m=TO_FRONT f=SHOW_WALLPAPER|MOVE_TO_TOP leash=Surface(name=Task=1)/@0xb019370 sb=Rect(0, 0 - 1008, 2244) eb=Rect(0, 0 - 1008, 2244) epz=Point(1008, 2244) d=0 taskParent=-1},
01-18 08:47:45.677  1748  1822 V WindowManager:         {WCT{RemoteToken{91a885d Task{e8649ed #4677 type=standard A=10412:com.maxime.heron.monpetitroadtrip isResizeable=true minWidth=-1 minHeight=-1}}} m=CLOSE f=NONE leash=Surface(name=Task=4677)/@0x1745b21 sb=Rect(0, 0 - 1008, 2244) eb=Rect(0, 0 - 1008, 2244) epz=Point(1008, 2244) d=0 taskParent=-1},
01-18 08:47:45.677  1748  1822 V WindowManager:         {null m=TO_FRONT f=IS_WALLPAPER leash=Surface(name=WallpaperWindowToken{39f2f48 token=android.os.Binder@705953a})/@0xe97c322 sb=Rect(0, 0 - 1008, 2244) eb=Rect(0, 0 - 1008, 2244) epz=Point(1008, 2244) d=0}
01-18 08:47:45.677  1748  1822 V WindowManager:     ]}
01-18 08:47:45.680  2403  2430 V WindowManagerShell:  animated by com.android.wm.shell.transition.RemoteTransitionHandler@1336c29
01-18 08:47:45.684  1748  2179 W UserManagerService: Requested status bar icon for non-badged user 0
01-18 08:47:45.691  1748  2236 I ImeTracker: com.google.android.apps.nexuslauncher:1356d48a: onRequestHide at ORIGIN_SERVER reason HIDE_UNSPECIFIED_WINDOW fromUser false
01-18 08:47:45.692  1748  2236 I ImeTracker: com.google.android.apps.nexuslauncher:1356d48a: onCancelled at PHASE_SERVER_SHOULD_HIDE
01-18 08:47:45.693  9170  9184 I AiAiEcho: (REDACTED) Predicting[%d]: %s
01-18 08:47:45.694  9170  9184 I AiAiEcho: (REDACTED) EchoTargets: %s
01-18 08:47:45.694  9170  9184 I AiAiEcho: Filtered by AiAi flag check: %s
01-18 08:47:45.694  9170  9184 I AiAiEcho: #remoteViewsTwiddler: feature disabled.
01-18 08:47:45.694  5827  5827 I GoogleInputMethodService: GoogleInputMethodService.onFinishInput():3095 
01-18 08:47:45.696  9170  9184 I AiAiEcho: (REDACTED) #postPredictionTargets: Sending updates to UISurface %s with targets# %s (types=[%s])
01-18 08:47:45.696  5827  5827 I GoogleInputMethodService: GoogleInputMethodService.updateDeviceLockedStatus():2167 repeatCheckTimes = 0, locked = false
01-18 08:47:45.696  5827  5827 I GoogleInputMethodService: GoogleInputMethodService.onStartInput():1911 onStartInput(EditorInfo{EditorInfo{packageName=com.google.android.apps.nexuslauncher, inputType=0, inputTypeString=NULL, enableLearning=false, autoCorrection=false, autoComplete=false, imeOptions=0, privateImeOptions=null, actionName=UNSPECIFIED, actionLabel=null, initialSelStart=-1, initialSelEnd=-1, initialCapsMode=0, label=null, fieldId=0, fieldName=null, extras=null, hintText=null, hintLocales=[]}}, false)
01-18 08:47:45.697  5827  5827 I GoogleInputMethodService: GoogleInputMethodService.updateDeviceLockedStatus():2167 repeatCheckTimes = 1, locked = false
01-18 08:47:45.697  5827  5827 I AndroidIME: InputBundleManager.loadActiveInputBundleId():450 loadActiveInputBundleId: und-Latn-x-password, password
01-18 08:47:45.697  1748  4835 W PackageConfigPersister: App-specific configuration not found for packageName: com.google.android.apps.nexuslauncher and userId: 0
01-18 08:47:45.758  1307  1394 I WifiHAL : Creating message to get link statistics; iface = 47
01-18 08:47:45.804   545   545 E BpTransactionCompletedListener: Failed to transact (-32)
01-18 08:47:45.849  1748  2315 D ConnectivityService: NetReassign [no changes] [c 3] [a 3] [i 16]
01-18 08:47:45.865  9515  9648 D TrafficStats: tagSocket(215) with statsTag=0x1065fff, statsUid=10171
01-18 08:47:45.989  9515  9648 D TrafficStats: tagSocket(217) with statsTag=0x1065fff, statsUid=10188
01-18 08:47:46.039  1748  1825 W ActivityTaskManager: Activity top resumed state loss timeout for ActivityRecord{f946004 u0 com.maxime.heron.monpetitroadtrip/.MainActivity t4677 f} isExiting}
01-18 08:47:46.126 25551 25551 D SsBaseTemplateCard: No text view can be set up
01-18 08:47:46.127 25551 25551 I SsBaseTemplateCard: setFormattedContentDescription: text=-1┬░C, iconDescription=Nuageux, contentDescription=Nuageux, -1┬░C
01-18 08:47:46.127 25551 25551 D SsBaseTemplateCard: Passed-in item info is null
01-18 08:47:46.127 25551 25551 I SsBaseTemplateCard: Secondary card pane is null
01-18 08:47:46.132  2403  2430 V WindowManagerShell: Transition animation finished (aborted=false), notifying core (#6890) android.os.BinderProxy@4684b01@0
01-18 08:47:46.135  1748  1822 V WindowManager: Finish Transition (#6890): created at 01-18 08:47:45.538 collect-started=0.059ms request-sent=0.073ms started=4.329ms ready=100.764ms sent=126.524ms finished=595.168ms
01-18 08:47:46.137  1748  2773 W ActivityManager: pid 1748 system sent binder code 7 with flags 1 to frozen apps and got error -32
01-18 08:47:46.138  1748  2773 W WindowManager: Exception thrown during dispatchAppVisibility Window{11114da u0 com.maxime.heron.monpetitroadtrip/com.maxime.heron.monpetitroadtrip.MainActivity EXITING}
01-18 08:47:46.138  1748  2773 W WindowManager: android.os.DeadObjectException
01-18 08:47:46.138  1748  2773 W WindowManager: 	at android.os.BinderProxy.transactNative(Native Method)
01-18 08:47:46.138  1748  2773 W WindowManager: 	at android.os.BinderProxy.transact(BinderProxy.java:586)
01-18 08:47:46.138  1748  2773 W WindowManager: 	at android.view.IWindow$Stub$Proxy.dispatchAppVisibility(IWindow.java:553)
01-18 08:47:46.138  1748  2773 W WindowManager: 	at com.android.server.wm.WindowState.sendAppVisibilityToClients(WindowState.java:3287)
01-18 08:47:46.138  1748  2773 W WindowManager: 	at com.android.server.wm.WindowContainer.sendAppVisibilityToClients(WindowContainer.java:1287)
01-18 08:47:46.138  1748  2773 W WindowManager: 	at com.android.server.wm.WindowToken.setClientVisible(WindowToken.java:403)
01-18 08:47:46.138  1748  2773 W WindowManager: 	at com.android.server.wm.ActivityRecord.setClientVisible(ActivityRecord.java:7053)
01-18 08:47:46.138  1748  2773 W WindowManager: 	at com.android.server.wm.ActivityRecord.postApplyAnimation(ActivityRecord.java:5747)
01-18 08:47:46.138  1748  2773 W WindowManager: 	at com.android.server.wm.ActivityRecord.commitVisibility(ActivityRecord.java:5690)
01-18 08:47:46.138  1748  2773 W WindowManager: 	at com.android.server.wm.Transition.finishTransition(Transition.java:1334)
01-18 08:47:46.138  1748  2773 W WindowManager: 	at com.android.server.wm.TransitionController.finishTransition(TransitionController.java:945)
01-18 08:47:46.138  1748  2773 W WindowManager: 	at com.android.server.wm.WindowOrganizerController.finishTransition(WindowOrganizerController.java:521)
01-18 08:47:46.138  1748  2773 W WindowManager: 	at android.window.IWindowOrganizerController$Stub.onTransact(IWindowOrganizerController.java:289)
01-18 08:47:46.138  1748  2773 W WindowManager: 	at com.android.server.wm.WindowOrganizerController.onTransact(WindowOrganizerController.java:210)
01-18 08:47:46.138  1748  2773 W WindowManager: 	at android.os.Binder.execTransactInternal(Binder.java:1396)
01-18 08:47:46.138  1748  2773 W WindowManager: 	at android.os.Binder.execTransact(Binder.java:1335)
01-18 08:47:46.138  1748  2773 W Process : Unable to open /proc/24292/status
01-18 08:47:46.143  2403  2430 V WindowManagerShell: Track 0 became idle
01-18 08:47:46.144  2403  2430 V WindowManagerShell: All active transition animations finished
01-18 08:47:46.144  1748  4101 W UserManagerService: Requested status bar icon for non-badged user 0
01-18 08:47:46.146 25551 25551 D RecentsView: onTaskRemoved: 4677, not handling task stack changes
01-18 08:47:46.146 25551 25551 D RecentsView: onTaskRemoved: 4677, not handling task stack changes
01-18 08:47:46.148  1748  4101 W UserManagerService: Requested status bar icon for non-badged user 0
01-18 08:47:46.162   545   545 E BpTransactionCompletedListener: Failed to transact (-32)
01-18 08:47:46.326  9515 24370 I NetworkScheduler.Stats: (REDACTED) Task %s/%s finished executing. cause:%s result: %s elapsed_millis: %s uptime_millis: %s exec_start_elapsed_seconds: %s
01-18 08:47:46.760  1273 18263 D AidlBufferPool: bufferpool2 0xb4000075c44a2068 : 6(6292992 size) total buffers - 5(5244160 size) used buffers - 13942/14052 (recycle/alloc) - 626/14046 (fetch/transfer)
01-18 08:47:46.860  1748  2305 W NetworkPolicy: shared quota unsupported; generating rule for each iface
01-18 08:47:47.878  2403  2403 D DLObserver: onReceive(); android.intent.action.BATTERY_CHANGED
